14:22:19 **** Incremental Build of configuration Debug for project migrated_sx1278_test ****
make -j12 all 
arm-none-eabi-gcc "../Core/Src/main.c" -mcpu=cortex-m3 -std=gnu11 -g3 -DDEBUG -DUSE_HAL_DRIVER -DSTM32F103xB -c -I../Core/Inc -I../Drivers/STM32F1xx_HAL_Driver/Inc -I../Drivers/STM32F1xx_HAL_Driver/Inc/Legacy -I../Drivers/CMSIS/Device/ST/STM32F1xx/Include -I../Drivers/CMSIS/Include -O0 -ffunction-sections -fdata-sections -Wall -fstack-usage -MMD -MP -MF"Core/Src/main.d" -MT"Core/Src/main.o" --specs=nano.specs -mfloat-abi=soft -mthumb -o "Core/Src/main.o"
arm-none-eabi-gcc -o "migrated_sx1278_test.elf" @"objects.list"   -mcpu=cortex-m3 -T"/home/m2mueller/dev/astg/telemetry_right_chip/migrated_sx1278_test/STM32F103C8TX_FLASH.ld" --specs=nosys.specs -Wl,-Map="migrated_sx1278_test.map" -Wl,--gc-sections -static --specs=nano.specs -mfloat-abi=soft -mthumb -Wl,--start-group -lc -lm -Wl,--end-group
Finished building target: migrated_sx1278_test.elf
 
arm-none-eabi-objdump -h -S  migrated_sx1278_test.elf  > "migrated_sx1278_test.list"
arm-none-eabi-objcopy  -O binary  migrated_sx1278_test.elf  "migrated_sx1278_test.bin"
arm-none-eabi-size   migrated_sx1278_test.elf 
   text	   data	    bss	    dec	    hex	filename
  17708	    120	   2592	  20420	   4fc4	migrated_sx1278_test.elf
Finished building: default.size.stdout
 
Finished building: migrated_sx1278_test.bin
 
Finished building: migrated_sx1278_test.list
 

14:22:20 Build Finished. 0 errors, 0 warnings. (took 569ms)

